
> faculty-reminder@0.1.0 build
> next build

  Γû▓ Next.js 14.2.35
  - Environments: .env.local

   Creating an optimized production build ...
node.exe : Failed to 
compile.
At line:1 char:1
+ & "C:\Program 
Files\nodejs/node.exe" 
"C:\Program 
Files\nodejs/node_mo 
...
+ ~~~~~~~~~~~~~~~~~~~~~
~~~~~~~~~~~~~~~~~~~~~~~
~~~~~~~~~~~~~~~~~~~~~~~
~~
    + CategoryInfo     
         : NotSpecifi  
  ed: (Failed to com   
 pile.:String) [],     
RemoteException
    + FullyQualifiedEr 
   rorId : NativeComm  
  andError
 

./lib/email-service.ts
Error: 
  [31mx[0m Expected 
'{', got 'console'
    ,-[[36;1;4mC:\proj
ects\App\lib\email-serv
ice.ts[0m:72:1]
 [2m72[0m |     
console.log(`Reminder 
email 
(${reminderType}) sent 
to ${teacherEmail}`);
 [2m73[0m |     
return true;
 [2m74[0m |   } 
catch (error: any) // 
eslint-disable-line @ty
pescript-eslint/no-expl
icit-any { // 
eslint-disable-line @ty
pescript-eslint/no-expl
icit-any
 [2m75[0m |     
console.error('Error 
sending email via 
SendGrid:', error);
    : [31;1m    
^^^^^^^[0m
 [2m76[0m |     if 
(error.response) {
 [2m77[0m |       con
sole.error(error.respon
se.body);
 [2m77[0m |     }
    `----

Caused by:
    Syntax Error

Import trace for 
requested module:
./lib/email-service.ts
./app/api/cron/reminder
s/route.ts

./lib/google-auth.ts
Error: 
  [31mx[0m Expected 
'{', got 'console'
    ,-[[36;1;4mC:\proj
ects\App\lib\google-aut
h.ts[0m:71:1]
 [2m71[0m |     
return client;
 [2m72[0m | 
 [2m73[0m |   } 
catch (error: any) // 
eslint-disable-line @ty
pescript-eslint/no-expl
icit-any { // 
eslint-disable-line @ty
pescript-eslint/no-expl
icit-any
 [2m74[0m |     
console.error(`Error 
retrieving 
authenticated client 
for teacher 
${teacherId}:`, 
error.message);
    : [31;1m    
^^^^^^^[0m
 [2m75[0m |     
throw error;
 [2m76[0m |   }
 [2m76[0m | };
    `----

Caused by:
    Syntax Error

Import trace for 
requested module:
./lib/google-auth.ts
./app/api/auth/google/r
oute.ts


> Build failed because 
of webpack errors
